HTTP/1.1 400 Bad Request


HTTP/1.1 200 OK
Content-Length: 49

Header1: Value1
Header2: Value2
Header3: Value3
HTTP/1.1 400 Bad Request


HTTP/1.1 200 OK
Content-Length: 49

Header1: Value1
Header2: Value2
Header3: Value3
HTTP/1.1 400 Bad Request


HTTP/1.1 200 OK
Content-Length: 49

Header1: Value1
Header2: Value2
Header3: Value3
