HTTP/1.1 200 OK
Content-Length: 100

Header1: Value1
Header2: Value2
Header3: Value3
Header4: Value4
Header5: Value5
Header6: Value6