Host: 127.0.0.1:XXXXX
User-Agent: curl/XXX
Accept: */*