HTTP/1.1 413 Request Entity Too Large


HTTP/1.1 200 OK
Content-Length: 7

<empty>