HTTP/1.1 404 Not Found

HTTP/1.1 404 Not Found

HTTP/1.1 404 Not Found

