HTTP/1.1 404 Not Found


HTTP/1.1 400 Bad Request


HTTP/1.1 400 Bad Request


HTTP/1.1 400 Bad Request


HTTP/1.1 400 Bad Request


