cs361sh> cs361sh> file.out: ASCII text
cs361sh> cs361sh> file.out: cannot open `file.out' (No such file or directory)
cs361sh> 
