cs361sh> cs361sh> This is a test
cs361sh> file2.out: ASCII text
cs361sh>  1  4 15 file2.out
cs361sh> cs361sh> file2.out: cannot open `file2.out' (No such file or directory)
cs361sh> 
