cs361sh> t3.txt: cannot open `t3.txt' (No such file or directory)
cs361sh> cs361sh> bf688338c6a897c10cf05f8095afbfce  t3.txt
cs361sh> md5sum: t2t2t1.txt: No such file or directory
cs361sh> cs361sh> 
