cs361sh> t3.txt: cannot open `t3.txt' (No such file or directory)
cs361sh> cs361sh> t3.txt: ASCII text
cs361sh> 495e041f58daaa39fb8dcdc0b76c4957  t3.txt
cs361sh> cs361sh> 
