cs361sh> file: cannot open `file' (No such file or directory)
cs361sh> cs361sh> file: ASCII text
cs361sh> 8183aa57a23658efe7ba7aebe60816bc  file
cs361sh> !
cs361sh> cs361sh> cs361sh> 
