cs361sh> This is 361et ano361r test
cs361sh> cs361sh> 
