cs361sh> cs361sh> 97c14f47f64c2f1c2299f4de52d9c836  -
cs361sh> 97c14f47f64c2f1c2299f4de52d9c836  -
cs361sh> cs361sh> 
