cs361sh>      1	What a interesting course CS361 is
 1  6 35 t10t10.txt
cs361sh> 
