cs361sh>    5  500 3354 tests/02-full-path/file1.txt
cs361sh> 
