cs361sh> cs361sh: command not found: /this/path/does/not/exist
cs361sh> 
