Connection to 127.0.0.1 XXX port [tcp/*] succeeded!
