cs361sh> Num Bytes: 6
Num Lines: 1
Num Words: 1
cs361sh> 
