cs361sh> Num Bytes: 15
Num Lines: 1
Num Words: 4
cs361sh> 
