cs361sh> Num Bytes: 34
Num Lines: 3
Num Words: 6
cs361sh> 
