cs361sh> Num Bytes: 19
Num Lines: 3
Num Words: 3
cs361sh> 
