cs361sh> Num Bytes: 1024
Num Lines: 1
Num Words: 1
cs361sh> 
