cs361sh> Num Bytes: 24
Num Lines: 4
Num Words: 6
cs361sh> 
