cs361sh> Num Bytes: 70
Num Lines: 3
Num Words: 9
cs361sh> 
