cs361sh> cs361sh> ls: cannot access '361': No such file or directory
cs361sh> removed 'file.err'
cs361sh> 
