cs361sh> 02.err: cannot open `02.err' (No such file or directory)
cs361sh> cs361sh> 02.err: ASCII text
cs361sh> ls: cannot access '02': No such file or directory
cs361sh> cs361sh> cs361sh> 
