cs361sh> cat <tests/07-redir-err-in/03.in
cat <tests/07-redir-err-in/03.in
cat <tests/07-redir-err-in/03.in
cat <tests/07-redir-err-in/03.in
cat <tests/07-redir-err-in/03.in
cat <tests/07-redir-err-in/03.in
cs361sh> cat <tests/07-redir-err-in/03.in
cat <tests/07-redir-err-in/03.in
cat <tests/07-redir-err-in/03.in
cat <tests/07-redir-err-in/03.in
cat <tests/07-redir-err-in/03.in
cat <tests/07-redir-err-in/03.in
cs361sh> cat <tests/07-redir-err-in/03.in
cat <tests/07-redir-err-in/03.in
cat <tests/07-redir-err-in/03.in
cat <tests/07-redir-err-in/03.in
cat <tests/07-redir-err-in/03.in
cat <tests/07-redir-err-in/03.in
cs361sh> cat <tests/07-redir-err-in/03.in
cat <tests/07-redir-err-in/03.in
cat <tests/07-redir-err-in/03.in
cat <tests/07-redir-err-in/03.in
cat <tests/07-redir-err-in/03.in
cat <tests/07-redir-err-in/03.in
cs361sh> cat <tests/07-redir-err-in/03.in
cat <tests/07-redir-err-in/03.in
cat <tests/07-redir-err-in/03.in
cat <tests/07-redir-err-in/03.in
cat <tests/07-redir-err-in/03.in
cat <tests/07-redir-err-in/03.in
cs361sh> cat <tests/07-redir-err-in/03.in
cat <tests/07-redir-err-in/03.in
cat <tests/07-redir-err-in/03.in
cat <tests/07-redir-err-in/03.in
cat <tests/07-redir-err-in/03.in
cat <tests/07-redir-err-in/03.in
cs361sh> 
