cs361sh> cs361sh> cs361sh> cs361sh> This is CS361-Fall-2024
cs361sh> This also is CS361-Fall-2024
cs361sh> cs361sh> 4.out: cannot open `4.out' (No such file or directory)
cs361sh> 44.out: cannot open `44.out' (No such file or directory)
cs361sh> 
