cs361sh> cs361sh: command not found: ls
cs361sh> 
