HTTP/1.1 200 OK
Content-Length: 24

This is the data to save
HTTP/1.1 200 OK
Content-Length: 24

This is the data to save